// Jest Snapshot v1, https://goo.gl/fbAQLP

exports[`APIStack Stack: TestStack 1`] = `
{
  "Parameters": {
    "BootstrapVersion": {
      "Default": "/cdk-bootstrap/hnb659fds/version",
      "Description": "Version of the CDK Bootstrap resources in this environment, automatically retrieved from SSM Parameter Store. [cdk:skip]",
      "Type": "AWS::SSM::Parameter::Value<String>",
    },
  },
  "Resources": {
    "httpApiC9FAD708": {
      "Properties": {
        "CorsConfiguration": {
          "AllowHeaders": [
            "Authorization",
            "Content-Type",
          ],
          "AllowMethods": [
            "GET",
            "POST",
            "OPTIONS",
            "DELETE",
            "PATCH",
          ],
          "AllowOrigins": [
            "*",
          ],
        },
        "Description": "HTTP API for TestStack",
        "Name": "TestStack-api",
        "ProtocolType": "HTTP",
      },
      "Type": "AWS::ApiGatewayV2::Api",
    },
    "httpApiDefaultStage49B103A5": {
      "Properties": {
        "ApiId": {
          "Ref": "httpApiC9FAD708",
        },
        "AutoDeploy": true,
        "StageName": "$default",
      },
      "Type": "AWS::ApiGatewayV2::Stage",
    },
    "httpApiPOSTusersEFAA2374": {
      "Properties": {
        "ApiId": {
          "Ref": "httpApiC9FAD708",
        },
        "AuthorizationType": "NONE",
        "RouteKey": "POST /users",
        "Target": {
          "Fn::Join": [
            "",
            [
              "integrations/",
              {
                "Ref": "httpApiPOSTusersadduserintegrationBFECFFEA",
              },
            ],
          ],
        },
      },
      "Type": "AWS::ApiGatewayV2::Route",
    },
    "httpApiPOSTusersadduserintegrationBFECFFEA": {
      "Properties": {
        "ApiId": {
          "Ref": "httpApiC9FAD708",
        },
        "IntegrationType": "AWS_PROXY",
        "IntegrationUri": {
          "Fn::ImportValue": "TestStack-lambda-stack:ExportsOutputFnGetAttadduserfunctionDE386518ArnA40D96EB",
        },
        "PayloadFormatVersion": "2.0",
      },
      "Type": "AWS::ApiGatewayV2::Integration",
    },
    "httpApiPOSTusersadduserintegrationPermission00180AD2": {
      "Properties": {
        "Action": "lambda:InvokeFunction",
        "FunctionName": {
          "Fn::ImportValue": "TestStack-lambda-stack:ExportsOutputFnGetAttadduserfunctionDE386518ArnA40D96EB",
        },
        "Principal": "apigateway.amazonaws.com",
        "SourceArn": {
          "Fn::Join": [
            "",
            [
              "arn:",
              {
                "Ref": "AWS::Partition",
              },
              ":execute-api:",
              {
                "Ref": "AWS::Region",
              },
              ":",
              {
                "Ref": "AWS::AccountId",
              },
              ":",
              {
                "Ref": "httpApiC9FAD708",
              },
              "/*/*/users",
            ],
          ],
        },
      },
      "Type": "AWS::Lambda::Permission",
    },
  },
  "Rules": {
    "CheckBootstrapVersion": {
      "Assertions": [
        {
          "Assert": {
            "Fn::Not": [
              {
                "Fn::Contains": [
                  [
                    "1",
                    "2",
                    "3",
                    "4",
                    "5",
                  ],
                  {
                    "Ref": "BootstrapVersion",
                  },
                ],
              },
            ],
          },
          "AssertDescription": "CDK bootstrap stack version 6 required. Please run 'cdk bootstrap' with a recent version of the CDK CLI.",
        },
      ],
    },
  },
}
`;
