// Jest Snapshot v1, https://goo.gl/fbAQLP

exports[`CognitoStack Stack: TestStack 1`] = `
{
  "Parameters": {
    "BootstrapVersion": {
      "Default": "/cdk-bootstrap/hnb659fds/version",
      "Description": "Version of the CDK Bootstrap resources in this environment, automatically retrieved from SSM Parameter Store. [cdk:skip]",
      "Type": "AWS::SSM::Parameter::Value<String>",
    },
  },
  "Resources": {
    "userPoolClientB67490F4": {
      "Properties": {
        "AllowedOAuthFlows": [
          "implicit",
          "code",
        ],
        "AllowedOAuthFlowsUserPoolClient": true,
        "AllowedOAuthScopes": [
          "profile",
          "phone",
          "email",
          "openid",
          "aws.cognito.signin.user.admin",
        ],
        "CallbackURLs": [
          "https://example.com",
        ],
        "ClientName": "TestStack-client",
        "ExplicitAuthFlows": [
          "ALLOW_USER_PASSWORD_AUTH",
          "ALLOW_REFRESH_TOKEN_AUTH",
        ],
        "SupportedIdentityProviders": [
          "COGNITO",
        ],
        "UserPoolId": {
          "Ref": "userPoolDC9497E0",
        },
      },
      "Type": "AWS::Cognito::UserPoolClient",
    },
    "userPoolDC9497E0": {
      "DeletionPolicy": "Delete",
      "Properties": {
        "AccountRecoverySetting": {
          "RecoveryMechanisms": [
            {
              "Name": "verified_phone_number",
              "Priority": 1,
            },
            {
              "Name": "verified_email",
              "Priority": 2,
            },
          ],
        },
        "AdminCreateUserConfig": {
          "AllowAdminCreateUserOnly": true,
        },
        "EmailVerificationMessage": "The verification code to your new account is {####}",
        "EmailVerificationSubject": "Verify your new account",
        "SmsVerificationMessage": "The verification code to your new account is {####}",
        "UserPoolName": "TestStack-pool",
        "VerificationMessageTemplate": {
          "DefaultEmailOption": "CONFIRM_WITH_CODE",
          "EmailMessage": "The verification code to your new account is {####}",
          "EmailSubject": "Verify your new account",
          "SmsMessage": "The verification code to your new account is {####}",
        },
      },
      "Type": "AWS::Cognito::UserPool",
      "UpdateReplacePolicy": "Delete",
    },
  },
  "Rules": {
    "CheckBootstrapVersion": {
      "Assertions": [
        {
          "Assert": {
            "Fn::Not": [
              {
                "Fn::Contains": [
                  [
                    "1",
                    "2",
                    "3",
                    "4",
                    "5",
                  ],
                  {
                    "Ref": "BootstrapVersion",
                  },
                ],
              },
            ],
          },
          "AssertDescription": "CDK bootstrap stack version 6 required. Please run 'cdk bootstrap' with a recent version of the CDK CLI.",
        },
      ],
    },
  },
}
`;
